 sl_ctorqueTraj_sfun

 Timestamp is 551eb81f (Fri Apr 03 10:56:15 2015)

 Preferred load address is 0000000180000000

 Start         Length     Name                   Class
 0001:00000000 000118f4H .text                   CODE
 0001:00011900 00000092H .text$x                 CODE
 0002:00000000 00000438H .idata$5                DATA
 0002:00000438 00000008H .CRT$XCA                DATA
 0002:00000440 00000008H .CRT$XCZ                DATA
 0002:00000448 00000008H .CRT$XIA                DATA
 0002:00000450 00000008H .CRT$XIAA               DATA
 0002:00000458 00000008H .CRT$XIZ                DATA
 0002:00000460 000006ccH .rdata                  DATA
 0002:00000b30 00000008H .rtc$IAA                DATA
 0002:00000b38 00000008H .rtc$IZZ                DATA
 0002:00000b40 00000008H .rtc$TAA                DATA
 0002:00000b48 00000008H .rtc$TZZ                DATA
 0002:00000b50 000006d8H .xdata                  DATA
 0002:00001228 0000008cH .idata$2                DATA
 0002:000012b4 00000014H .idata$3                DATA
 0002:000012c8 00000438H .idata$4                DATA
 0002:00001700 00000b90H .idata$6                DATA
 0002:00002290 00000059H .edata                  DATA
 0003:00000000 00004248H .data                   DATA
 0003:00004250 000006a8H .bss                    DATA
 0004:00000000 000007ecH .pdata                  DATA

  Address         Publics by Value              Rva+Base               Lib:Object

 0000:00000000       ___safe_se_handler_count   0000000000000000     <absolute>
 0000:00000000       ___safe_se_handler_table   0000000000000000     <absolute>
 0000:00000000       __ImageBase                0000000180000000     <linker-defined>
 0001:00000000       sl_ctorqueTraj_initializer 0000000180001000 f   sl_ctorqueTraj_sfun.obj
 0001:00000010       sl_ctorqueTraj_terminator  0000000180001010 f   sl_ctorqueTraj_sfun.obj
 0001:00000020       sf_sl_ctorqueTraj_method_dispatcher 0000000180001020 f   sl_ctorqueTraj_sfun.obj
 0001:00000070       sf_sl_ctorqueTraj_process_check_sum_call 0000000180001070 f   sl_ctorqueTraj_sfun.obj
 0001:00000480       sf_sl_ctorqueTraj_autoinheritance_info 0000000180001480 f   sl_ctorqueTraj_sfun.obj
 0001:000005f0       sf_sl_ctorqueTraj_get_eml_resolved_functions_info 00000001800015f0 f   sl_ctorqueTraj_sfun.obj
 0001:00000720       sf_sl_ctorqueTraj_third_party_uses_info 0000000180001720 f   sl_ctorqueTraj_sfun.obj
 0001:00000870       sf_sl_ctorqueTraj_updateBuildInfo_args_info 0000000180001870 f   sl_ctorqueTraj_sfun.obj
 0001:000009c0       sl_ctorqueTraj_debug_initialize 00000001800019c0 f   sl_ctorqueTraj_sfun.obj
 0001:00000a40       sl_ctorqueTraj_register_exported_symbols 0000000180001a40 f   sl_ctorqueTraj_sfun.obj
 0001:00000a50       load_sl_ctorqueTraj_optimization_info 0000000180001a50 f   sl_ctorqueTraj_sfun.obj
 0001:00000aa0       unload_sl_ctorqueTraj_optimization_info 0000000180001aa0 f   sl_ctorqueTraj_sfun.obj
 0001:00000ad0       sf_c2_sl_ctorqueTraj_get_eml_resolved_functions_info 0000000180001ad0 f   c2_sl_ctorqueTraj.obj
 0001:000052f0       sf_c2_sl_ctorqueTraj_get_check_sum 00000001800062f0 f   c2_sl_ctorqueTraj.obj
 0001:00005370       sf_c2_sl_ctorqueTraj_get_autoinheritance_info 0000000180006370 f   c2_sl_ctorqueTraj.obj
 0001:00005a30       sf_c2_sl_ctorqueTraj_third_party_uses_info 0000000180006a30 f   c2_sl_ctorqueTraj.obj
 0001:00005a60       sf_c2_sl_ctorqueTraj_updateBuildInfo_args_info 0000000180006a60 f   c2_sl_ctorqueTraj.obj
 0001:00005a90       sf_internal_get_sim_state_c2_sl_ctorqueTraj 0000000180006a90 f   c2_sl_ctorqueTraj.obj
 0001:00006040       sf_internal_set_sim_state_c2_sl_ctorqueTraj 0000000180007040 f   c2_sl_ctorqueTraj.obj
 0001:00006790       c2_sl_ctorqueTraj_method_dispatcher 0000000180007790 f   c2_sl_ctorqueTraj.obj
 0001:0000a7e0       sf_process_check_sum_call  000000018000b7e0 f   sl_ctorqueTraj_sfun_registry.obj
 0001:0000a830       sf_process_autoinheritance_call 000000018000b830 f   sl_ctorqueTraj_sfun_registry.obj
 0001:0000a9d0       sf_process_get_third_party_uses_info_call 000000018000b9d0 f   sl_ctorqueTraj_sfun_registry.obj
 0001:0000ab70       sf_process_get_updateBuildInfo_args_info_call 000000018000bb70 f   sl_ctorqueTraj_sfun_registry.obj
 0001:0000ad10       sf_process_get_eml_resolved_functions_info_call 000000018000bd10 f   sl_ctorqueTraj_sfun_registry.obj
 0001:0000ae90       sf_mex_unlock_call         000000018000be90 f   sl_ctorqueTraj_sfun_registry.obj
 0001:0000af40       sf_machine_global_initializer_called 000000018000bf40 f   sl_ctorqueTraj_sfun_registry.obj
 0001:0000af70       sf_machine_global_method_dispatcher 000000018000bf70 f   sl_ctorqueTraj_sfun_registry.obj
 0001:0000afd0       sf_machine_global_terminator 000000018000bfd0 f   sl_ctorqueTraj_sfun_registry.obj
 0001:0000b020       sf_register_machine_exported_symbols 000000018000c020 f   sl_ctorqueTraj_sfun_registry.obj
 0001:0000b040       callCustomFcn              000000018000c040 f   sl_ctorqueTraj_sfun_registry.obj
 0001:0000b050       sf_machine_global_initializer 000000018000c050 f   sl_ctorqueTraj_sfun_registry.obj
 0001:0000b0d0       mdlGetSimState             000000018000c0d0 f   sl_ctorqueTraj_sfun_registry.obj
 0001:0000b150       mdlSetSimState             000000018000c150 f   sl_ctorqueTraj_sfun_registry.obj
 0001:0000b190       _ssSetStateAbsTol          000000018000c190 f   sl_ctorqueTraj_sfun_registry.obj
 0001:0000b270       _ssGetAbsTol               000000018000c270 f   sl_ctorqueTraj_sfun_registry.obj
 0001:0000b2e0       _ssSetInputPortMatrixDimensions 000000018000c2e0 f   sl_ctorqueTraj_sfun_registry.obj
 0001:0000b3f0       _ssSetOutputPortMatrixDimensions 000000018000c3f0 f   sl_ctorqueTraj_sfun_registry.obj
 0001:0000b500       _ssSetInputPortVectorDimension 000000018000c500 f   sl_ctorqueTraj_sfun_registry.obj
 0001:0000b5d0       _ssSetOutputPortVectorDimension 000000018000c5d0 f   sl_ctorqueTraj_sfun_registry.obj
 0001:0000b6a0       ssIsRunTimeParamTunable    000000018000c6a0 f   sl_ctorqueTraj_sfun_registry.obj
 0001:0000b710       ssGetSFuncBlockHandle      000000018000c710 f   sl_ctorqueTraj_sfun_registry.obj
 0001:0000b780       _ssGetCurrentInputPortWidth 000000018000c780 f   sl_ctorqueTraj_sfun_registry.obj
 0001:0000b8a0       _ssGetCurrentOutputPortWidth 000000018000c8a0 f   sl_ctorqueTraj_sfun_registry.obj
 0001:0000b9c0       _ssGetCallSystemNumFcnCallDestinations 000000018000c9c0 f   sl_ctorqueTraj_sfun_registry.obj
 0001:0000ba30       ssWarning                  000000018000ca30 f   sl_ctorqueTraj_sfun_registry.obj
 0001:0000bb40       ssGetIsZeroCrossControlDisabled 000000018000cb40 f   sl_ctorqueTraj_sfun_registry.obj
 0001:0000bbb0       ssSetIsInputPortUsedForContZcSignal 000000018000cbb0 f   sl_ctorqueTraj_sfun_registry.obj
 0001:0000bc20       ssSetZcSignalIsZcElementDisc 000000018000cc20 f   sl_ctorqueTraj_sfun_registry.obj
 0001:0000bcd0       ssSetZcSignalName          000000018000ccd0 f   sl_ctorqueTraj_sfun_registry.obj
 0001:0000bd40       ssSetZcSignalWidth         000000018000cd40 f   sl_ctorqueTraj_sfun_registry.obj
 0001:0000bdb0       ssSetZcSignalZcEventType   000000018000cdb0 f   sl_ctorqueTraj_sfun_registry.obj
 0001:0000be20       ssSetZcSignalType          000000018000ce20 f   sl_ctorqueTraj_sfun_registry.obj
 0001:0000be90       ssSetZcSignalZcTol         000000018000ce90 f   sl_ctorqueTraj_sfun_registry.obj
 0001:0000bf00       ssSetZcSignalNeedsEventNotification 000000018000cf00 f   sl_ctorqueTraj_sfun_registry.obj
 0001:0000bf70       ssCreateAndAddZcSignalInfo 000000018000cf70 f   sl_ctorqueTraj_sfun_registry.obj
 0001:0000bfe0       ssCloneAndAddZcSignalInfo  000000018000cfe0 f   sl_ctorqueTraj_sfun_registry.obj
 0001:0000c050       ssGetNumZcSignals          000000018000d050 f   sl_ctorqueTraj_sfun_registry.obj
 0001:0000c0c0       ssGetZcSignalVector        000000018000d0c0 f   sl_ctorqueTraj_sfun_registry.obj
 0001:0000c130       ssGetZcSignalZcEvents      000000018000d130 f   sl_ctorqueTraj_sfun_registry.obj
 0001:0000c1a0       ssGetZcSignalName          000000018000d1a0 f   sl_ctorqueTraj_sfun_registry.obj
 0001:0000c210       ssGetZcSignalWidth         000000018000d210 f   sl_ctorqueTraj_sfun_registry.obj
 0001:0000c280       ssGetZcSignalZcEventType   000000018000d280 f   sl_ctorqueTraj_sfun_registry.obj
 0001:0000c2f0       ssGetZcSignalType          000000018000d2f0 f   sl_ctorqueTraj_sfun_registry.obj
 0001:0000c360       ssGetZcSignalZcTol         000000018000d360 f   sl_ctorqueTraj_sfun_registry.obj
 0001:0000c3e0       ssGetZcSignalNeedsEventNotification 000000018000d3e0 f   sl_ctorqueTraj_sfun_registry.obj
 0001:0000c450       ssGetZcSignalIsZcElementDisc 000000018000d450 f   sl_ctorqueTraj_sfun_registry.obj
 0001:0000c4f0       ssGetIsInputPortElementContinuous 000000018000d4f0 f   sl_ctorqueTraj_sfun_registry.obj
 0001:0000c590       _ssGetInputPortSignalPtrsFcn 000000018000d590 f   sl_ctorqueTraj_sfun_registry.obj
 0001:0000c850       _ssGetInputPortSignalFcn   000000018000d850 f   sl_ctorqueTraj_sfun_registry.obj
 0001:0000ca70       _ssSetInputPortDirectFeedThroughFcn 000000018000da70 f   sl_ctorqueTraj_sfun_registry.obj
 0001:0000cbd0       _ssSetInputPortReusableFcn 000000018000dbd0 f   sl_ctorqueTraj_sfun_registry.obj
 0001:0000ccc0       _ssSetOutputPortReusableFcn 000000018000dcc0 f   sl_ctorqueTraj_sfun_registry.obj
 0001:0000cda0       ssGetDTypeIdFromMxArray    000000018000dda0 f   sl_ctorqueTraj_sfun_registry.obj
 0001:0000cec0       ssWriteRTWStr              000000018000dec0 f   sl_ctorqueTraj_sfun_registry.obj
 0001:0000cf20       ssWriteRTWMxVectParam      000000018000df20 f   sl_ctorqueTraj_sfun_registry.obj
 0001:0000cf80       ssWriteRTWMx2dMatParam     000000018000df80 f   sl_ctorqueTraj_sfun_registry.obj
 0001:0000d000       ssWriteRTWNameValuePair    000000018000e000 f   sl_ctorqueTraj_sfun_registry.obj
 0001:0000d4f0       ssWriteRTWParameters       000000018000e4f0 f   sl_ctorqueTraj_sfun_registry.obj
 0001:0000daf0       ssWriteRTWParamSettings    000000018000eaf0 f   sl_ctorqueTraj_sfun_registry.obj
 0001:0000e1c0       ssWriteRTWWorkVect         000000018000f1c0 f   sl_ctorqueTraj_sfun_registry.obj
 0001:0000e6c0       mexFunction                000000018000f6c0 f   sl_ctorqueTraj_sfun_registry.obj
 0001:00010b40       ProcessMexSfunctionEveryCall 0000000180011b40 f   sl_ctorqueTraj_sfun_registry.obj
 0001:00010cc2       sf_debug_set_machine_data_thresholds 0000000180011cc2 f   sf_runtime:sf_runtime.dll
 0001:00010cc8       sf_debug_set_machine_event_thresholds 0000000180011cc8 f   sf_runtime:sf_runtime.dll
 0001:00010cce       sf_debug_initialize_machine 0000000180011cce f   sf_runtime:sf_runtime.dll
 0001:00010cd4       sf_load_rtw_optimization_info 0000000180011cd4 f   sf_runtime:sf_runtime.dll
 0001:00010cda       sf_mex_emlrtNameCapturePostProcessR2012a 0000000180011cda f   sf_runtime:sf_runtime.dll
 0001:00010ce0       sf_mex_assign              0000000180011ce0 f   sf_runtime:sf_runtime.dll
 0001:00010ce6       sf_mex_createstruct        0000000180011ce6 f   sf_runtime:sf_runtime.dll
 0001:00010cec       sf_mex_destroy             0000000180011cec f   sf_runtime:sf_runtime.dll
 0001:00010cf2       sf_mex_duplicatearraysafe  0000000180011cf2 f   sf_runtime:sf_runtime.dll
 0001:00010cf8       sf_mex_createcellmatrix    0000000180011cf8 f   sf_runtime:sf_runtime.dll
 0001:00010cfe       sf_mex_addfield            0000000180011cfe f   sf_runtime:sf_runtime.dll
 0001:00010d04       sf_mex_create              0000000180011d04 f   sf_runtime:sf_runtime.dll
 0001:00010d0a       sf_mex_error_message       0000000180011d0a f   sf_runtime:sf_runtime.dll
 0001:00010d10       sf_mex_call_matlab         0000000180011d10 f   sf_runtime:sf_runtime.dll
 0001:00010d16       sf_mex_setcell             0000000180011d16 f   sf_runtime:sf_runtime.dll
 0001:00010d1c       sf_mex_decode_encoded_mx_struct_array 0000000180011d1c f   sf_runtime:sf_runtime.dll
 0001:00010d22       sf_mex_getcell             0000000180011d22 f   sf_runtime:sf_runtime.dll
 0001:00010d28       sf_mex_dup                 0000000180011d28 f   sf_runtime:sf_runtime.dll
 0001:00010d2e       sf_mex_import              0000000180011d2e f   sf_runtime:sf_runtime.dll
 0001:00010d34       sf_set_rtw_dwork_info      0000000180011d34 f   sf_runtime:sf_runtime.dll
 0001:00010d3a       sf_mark_chart_reusable_outputs 0000000180011d3a f   sf_runtime:sf_runtime.dll
 0001:00010d40       sf_mark_chart_expressionable_inputs 0000000180011d40 f   sf_runtime:sf_runtime.dll
 0001:00010d46       sf_update_buildInfo        0000000180011d46 f   sf_runtime:sf_runtime.dll
 0001:00010d4c       sf_rtw_info_uint_prop      0000000180011d4c f   sf_runtime:sf_runtime.dll
 0001:00010d52       sf_is_chart_inlinable      0000000180011d52 f   sf_runtime:sf_runtime.dll
 0001:00010d58       sim_mode_is_external       0000000180011d58 f   sf_runtime:sf_runtime.dll
 0001:00010d5e       sim_mode_is_rtw_gen        0000000180011d5e f   sf_runtime:sf_runtime.dll
 0001:00010d64       sf_debug_reset_current_state_configuration 0000000180011d64 f   sf_runtime:sf_runtime.dll
 0001:00010d6a       sf_debug_set_instance_data_value_ptr 0000000180011d6a f   sf_runtime:sf_runtime.dll
 0001:00010d70       sf_debug_set_chart_data_compiled_props 0000000180011d70 f   sf_runtime:sf_runtime.dll
 0001:00010d76       cv_eml_init_fcn            0000000180011d76 f   sf_runtime:sf_runtime.dll
 0001:00010d7c       cv_eml_init_script         0000000180011d7c f   sf_runtime:sf_runtime.dll
 0001:00010d82       sf_debug_cv_init_trans     0000000180011d82 f   sf_runtime:sf_runtime.dll
 0001:00010d88       sf_debug_cv_init_state     0000000180011d88 f   sf_runtime:sf_runtime.dll
 0001:00010d8e       sf_debug_cv_init_chart     0000000180011d8e f   sf_runtime:sf_runtime.dll
 0001:00010d94       sf_debug_set_chart_decomposition 0000000180011d94 f   sf_runtime:sf_runtime.dll
 0001:00010d9a       sf_debug_set_chart_substate_count 0000000180011d9a f   sf_runtime:sf_runtime.dll
 0001:00010da0       sf_debug_set_chart_state_info 0000000180011da0 f   sf_runtime:sf_runtime.dll
 0001:00010da6       sf_debug_set_chart_data_props 0000000180011da6 f   sf_runtime:sf_runtime.dll
 0001:00010dac       sf_debug_set_chart_event_thresholds 0000000180011dac f   sf_runtime:sf_runtime.dll
 0001:00010db2       sf_debug_set_chart_disable_implicit_casting 0000000180011db2 f   sf_runtime:sf_runtime.dll
 0001:00010db8       sf_debug_initialize_chart  0000000180011db8 f   sf_runtime:sf_runtime.dll
 0001:00010dbe       sf_get_time                0000000180011dbe f   sf_runtime:sf_runtime.dll
 0001:00010dc4       sf_debug_check_for_state_inconsistency 0000000180011dc4 f   sf_runtime:sf_runtime.dll
 0001:00010dca       sf_debug_symbol_scope_pop  0000000180011dca f   sf_runtime:sf_runtime.dll
 0001:00010dd0       sf_debug_data_range_wrapper 0000000180011dd0 f   sf_runtime:sf_runtime.dll
 0001:00010dd6       sf_debug_call              0000000180011dd6 f   sf_runtime:sf_runtime.dll
 0001:00010ddc       sf_debug_symbol_scope_push 0000000180011ddc f   sf_runtime:sf_runtime.dll
 0001:00010de2       eml_debug_line_call        0000000180011de2 f   sf_runtime:sf_runtime.dll
 0001:00010de8       cv_eml_eval                0000000180011de8 f   sf_runtime:sf_runtime.dll
 0001:00010dee       sf_debug_symbol_scope_add_eml 0000000180011dee f   sf_runtime:sf_runtime.dll
 0001:00010df4       sf_debug_symbol_scope_add_eml_importable 0000000180011df4 f   sf_runtime:sf_runtime.dll
 0001:00010dfa       sf_debug_symbol_scope_push_eml 0000000180011dfa f   sf_runtime:sf_runtime.dll
 0001:00010e00       sf_clear_rtw_identifier    0000000180011e00 f   sf_runtime:sf_runtime.dll
 0001:00010e06       sf_debug_terminate         0000000180011e06 f   sf_runtime:sf_runtime.dll
 0001:00010e0c       sf_debug_create_debug_instance_struct 0000000180011e0c f   sf_runtime:sf_runtime.dll
 0001:00010e12       sf_debug_api               0000000180011e12 f   sf_runtime:sf_runtime.dll
 0001:00010e18       callMdlMethodAndReportError 0000000180011e18 f   sf_runtime:sf_runtime.dll
 0001:00010e1e       call_sf_machine_global_method_dispatcher 0000000180011e1e f   sf_runtime:sf_runtime.dll
 0001:00010e24       sf_clear_error_manager_info 0000000180011e24 f   sf_runtime:sf_runtime.dll
 0001:00010e2a       sf_mex_error_direct_call   0000000180011e2a f   sf_runtime:sf_runtime.dll
 0001:00010e30       mxGetScalar                0000000180011e30 f   libmx:libmx.dll
 0001:00010e36       mxGetPr                    0000000180011e36 f   libmx:libmx.dll
 0001:00010e3c       mxCreateDoubleMatrix_730   0000000180011e3c f   libmx:libmx.dll
 0001:00010e42       mxGetString_730            0000000180011e42 f   libmx:libmx.dll
 0001:00010e48       mxIsChar                   0000000180011e48 f   libmx:libmx.dll
 0001:00010e4e       mxDestroyArray             0000000180011e4e f   libmx:libmx.dll
 0001:00010e54       mxDuplicateArray           0000000180011e54 f   libmx:libmx.dll
 0001:00010e5a       mxCreateDoubleScalar       0000000180011e5a f   libmx:libmx.dll
 0001:00010e60       mxSetField_730             0000000180011e60 f   libmx:libmx.dll
 0001:00010e66       mxCreateString             0000000180011e66 f   libmx:libmx.dll
 0001:00010e6c       mxCreateStructMatrix_730   0000000180011e6c f   libmx:libmx.dll
 0001:00010e72       mxCreateCellMatrix_730     0000000180011e72 f   libmx:libmx.dll
 0001:00010e78       mxGetClassID               0000000180011e78 f   libmx:libmx.dll
 0001:00010e7e       mxIsNumeric                0000000180011e7e f   libmx:libmx.dll
 0001:00010e84       mxIsComplex                0000000180011e84 f   libmx:libmx.dll
 0001:00010e8a       mxGetN                     0000000180011e8a f   libmx:libmx.dll
 0001:00010e90       mxGetM                     0000000180011e90 f   libmx:libmx.dll
 0001:00010e96       mxCalloc                   0000000180011e96 f   libmx:libmx.dll
 0001:00010e9c       mexMakeArrayPersistent     0000000180011e9c f   libmex:libmex.dll
 0001:00010ea2       mexUnlock                  0000000180011ea2 f   libmex:libmex.dll
 0001:00010ea8       mexIsLocked                0000000180011ea8 f   libmex:libmex.dll
 0001:00010eae       mexWarnMsgTxt              0000000180011eae f   libmex:libmex.dll
 0001:00010eb4       mexCallMATLAB              0000000180011eb4 f   libmex:libmex.dll
 0001:00010eba       mexErrMsgTxt               0000000180011eba f   libmex:libmex.dll
 0001:00010ec0       mexLock                    0000000180011ec0 f   libmex:libmex.dll
 0001:00010ec6       utMalloc                   0000000180011ec6 f   libut:libut.dll
 0001:00010ecc       utFree                     0000000180011ecc f   libut:libut.dll
 0001:00010ed2       muDoubleScalarCos          0000000180011ed2 f   libmwmathutil:libmwmathutil.dll
 0001:00010ed8       muDoubleScalarSin          0000000180011ed8 f   libmwmathutil:libmwmathutil.dll
 0001:00010ee0       __GSHandlerCheckCommon     0000000180011ee0 f   MSVCRT:gshandler.obj
 0001:00010f44       __GSHandlerCheck           0000000180011f44 f   MSVCRT:gshandler.obj
 0001:00010f62       strcmp                     0000000180011f62 f   MSVCRT:MSVCR100.dll
 0001:00010f80       __security_check_cookie    0000000180011f80 f   MSVCRT:amdsecgs.obj
 0001:00010fa0       strlen                     0000000180011fa0 f   MSVCRT:MSVCR100.dll
 0001:00010fa6       memset                     0000000180011fa6 f   MSVCRT:MSVCR100.dll
 0001:00010fac       free                       0000000180011fac f   MSVCRT:MSVCR100.dll
 0001:00010fb2       sprintf                    0000000180011fb2 f   MSVCRT:MSVCR100.dll
 0001:00010fb8       malloc                     0000000180011fb8 f   MSVCRT:MSVCR100.dll
 0001:00010fbe       strcat                     0000000180011fbe f   MSVCRT:MSVCR100.dll
 0001:00010fc4       memcpy                     0000000180011fc4 f   MSVCRT:MSVCR100.dll
 0001:00010fcc       NtCurrentTeb               0000000180011fcc f i MSVCRT:crtdll.obj
 0001:00011038       _CRT_INIT                  0000000180012038 f   MSVCRT:crtdll.obj
 0001:000113d0       _DllMainCRTStartup         00000001800123d0 f   MSVCRT:crtdll.obj
 0001:00011410       __report_gsfailure         0000000180012410 f   MSVCRT:gs_report.obj
 0001:0001155c       __clean_type_info_names    000000018001255c f   MSVCRT:tncleanup.obj
 0001:00011568       _onexit                    0000000180012568 f   MSVCRT:atonexit.obj
 0001:00011618       atexit                     0000000180012618 f   MSVCRT:atonexit.obj
 0001:00011630       _RTC_Initialize            0000000180012630 f   MSVCRT:_initsect_.obj
 0001:00011668       _RTC_Terminate             0000000180012668 f   MSVCRT:_initsect_.obj
 0001:000116a0       _malloc_crt                00000001800126a0 f   MSVCRT:MSVCR100.dll
 0001:000116b0       _ValidateImageBase         00000001800126b0 f   MSVCRT:pesect.obj
 0001:000116e0       _FindPESection             00000001800126e0 f   MSVCRT:pesect.obj
 0001:00011730       _IsNonwritableInCurrentImage 0000000180012730 f   MSVCRT:pesect.obj
 0001:00011772       _initterm                  0000000180012772 f   MSVCRT:MSVCR100.dll
 0001:00011778       _initterm_e                0000000180012778 f   MSVCRT:MSVCR100.dll
 0001:0001177e       _encoded_null              000000018001277e f   MSVCRT:MSVCR100.dll
 0001:00011784       _amsg_exit                 0000000180012784 f   MSVCRT:MSVCR100.dll
 0001:0001178a       __C_specific_handler       000000018001278a f   MSVCRT:MSVCR100.dll
 0001:00011790       __CppXcptFilter            0000000180012790 f   MSVCRT:MSVCR100.dll
 0001:00011798       DllMain                    0000000180012798 f   MSVCRT:dllmain.obj
 0001:000117bc       __security_init_cookie     00000001800127bc f   MSVCRT:gs_support.obj
 0001:00011870       __crt_debugger_hook        0000000180012870 f   MSVCRT:MSVCR100.dll
 0001:00011876       __clean_type_info_names_internal 0000000180012876 f   MSVCRT:MSVCR100.dll
 0001:0001187c       _unlock                    000000018001287c f   MSVCRT:MSVCR100.dll
 0001:00011882       __dllonexit                0000000180012882 f   MSVCRT:MSVCR100.dll
 0001:00011888       _lock                      0000000180012888 f   MSVCRT:MSVCR100.dll
 0001:0001188e       EncodePointer              000000018001288e f   kernel32:KERNEL32.dll
 0001:00011894       DecodePointer              0000000180012894 f   kernel32:KERNEL32.dll
 0001:0001189a       Sleep                      000000018001289a f   kernel32:KERNEL32.dll
 0001:000118a0       TerminateProcess           00000001800128a0 f   kernel32:KERNEL32.dll
 0001:000118a6       GetCurrentProcess          00000001800128a6 f   kernel32:KERNEL32.dll
 0001:000118ac       UnhandledExceptionFilter   00000001800128ac f   kernel32:KERNEL32.dll
 0001:000118b2       SetUnhandledExceptionFilter 00000001800128b2 f   kernel32:KERNEL32.dll
 0001:000118b8       IsDebuggerPresent          00000001800128b8 f   kernel32:KERNEL32.dll
 0001:000118be       RtlVirtualUnwind           00000001800128be f   kernel32:KERNEL32.dll
 0001:000118c4       RtlLookupFunctionEntry     00000001800128c4 f   kernel32:KERNEL32.dll
 0001:000118ca       RtlCaptureContext          00000001800128ca f   kernel32:KERNEL32.dll
 0001:000118d0       DisableThreadLibraryCalls  00000001800128d0 f   kernel32:KERNEL32.dll
 0001:000118d6       QueryPerformanceCounter    00000001800128d6 f   kernel32:KERNEL32.dll
 0001:000118dc       GetTickCount               00000001800128dc f   kernel32:KERNEL32.dll
 0001:000118e2       GetCurrentThreadId         00000001800128e2 f   kernel32:KERNEL32.dll
 0001:000118e8       GetCurrentProcessId        00000001800128e8 f   kernel32:KERNEL32.dll
 0001:000118ee       GetSystemTimeAsFileTime    00000001800128ee f   kernel32:KERNEL32.dll
 0002:00000000       __imp_GetSystemTimeAsFileTime 0000000180013000     kernel32:KERNEL32.dll
 0002:00000008       __imp_GetCurrentProcessId  0000000180013008     kernel32:KERNEL32.dll
 0002:00000010       __imp_GetCurrentThreadId   0000000180013010     kernel32:KERNEL32.dll
 0002:00000018       __imp_GetTickCount         0000000180013018     kernel32:KERNEL32.dll
 0002:00000020       __imp_QueryPerformanceCounter 0000000180013020     kernel32:KERNEL32.dll
 0002:00000028       __imp_DisableThreadLibraryCalls 0000000180013028     kernel32:KERNEL32.dll
 0002:00000030       __imp_RtlCaptureContext    0000000180013030     kernel32:KERNEL32.dll
 0002:00000038       __imp_RtlLookupFunctionEntry 0000000180013038     kernel32:KERNEL32.dll
 0002:00000040       __imp_RtlVirtualUnwind     0000000180013040     kernel32:KERNEL32.dll
 0002:00000048       __imp_IsDebuggerPresent    0000000180013048     kernel32:KERNEL32.dll
 0002:00000050       __imp_SetUnhandledExceptionFilter 0000000180013050     kernel32:KERNEL32.dll
 0002:00000058       __imp_UnhandledExceptionFilter 0000000180013058     kernel32:KERNEL32.dll
 0002:00000060       __imp_GetCurrentProcess    0000000180013060     kernel32:KERNEL32.dll
 0002:00000068       __imp_TerminateProcess     0000000180013068     kernel32:KERNEL32.dll
 0002:00000070       __imp_Sleep                0000000180013070     kernel32:KERNEL32.dll
 0002:00000078       __imp_DecodePointer        0000000180013078     kernel32:KERNEL32.dll
 0002:00000080       __imp_EncodePointer        0000000180013080     kernel32:KERNEL32.dll
 0002:00000088       \177KERNEL32_NULL_THUNK_DATA 0000000180013088     kernel32:KERNEL32.dll
 0002:00000090       __imp__onexit              0000000180013090     MSVCRT:MSVCR100.dll
 0002:00000098       __imp__lock                0000000180013098     MSVCRT:MSVCR100.dll
 0002:000000a0       __imp___dllonexit          00000001800130a0     MSVCRT:MSVCR100.dll
 0002:000000a8       __imp__unlock              00000001800130a8     MSVCRT:MSVCR100.dll
 0002:000000b0       __imp___clean_type_info_names_internal 00000001800130b0     MSVCRT:MSVCR100.dll
 0002:000000b8       __imp___crt_debugger_hook  00000001800130b8     MSVCRT:MSVCR100.dll
 0002:000000c0       __imp___CppXcptFilter      00000001800130c0     MSVCRT:MSVCR100.dll
 0002:000000c8       __imp___C_specific_handler 00000001800130c8     MSVCRT:MSVCR100.dll
 0002:000000d0       __imp__amsg_exit           00000001800130d0     MSVCRT:MSVCR100.dll
 0002:000000d8       __imp__encoded_null        00000001800130d8     MSVCRT:MSVCR100.dll
 0002:000000e0       __imp__initterm_e          00000001800130e0     MSVCRT:MSVCR100.dll
 0002:000000e8       __imp__initterm            00000001800130e8     MSVCRT:MSVCR100.dll
 0002:000000f0       __imp__malloc_crt          00000001800130f0     MSVCRT:MSVCR100.dll
 0002:000000f8       __imp_memcpy               00000001800130f8     MSVCRT:MSVCR100.dll
 0002:00000100       __imp_strcat               0000000180013100     MSVCRT:MSVCR100.dll
 0002:00000108       __imp_malloc               0000000180013108     MSVCRT:MSVCR100.dll
 0002:00000110       __imp_sprintf              0000000180013110     MSVCRT:MSVCR100.dll
 0002:00000118       __imp_free                 0000000180013118     MSVCRT:MSVCR100.dll
 0002:00000120       __imp_memset               0000000180013120     MSVCRT:MSVCR100.dll
 0002:00000128       __imp_strlen               0000000180013128     MSVCRT:MSVCR100.dll
 0002:00000130       __imp_strcmp               0000000180013130     MSVCRT:MSVCR100.dll
 0002:00000138       \177MSVCR100_NULL_THUNK_DATA 0000000180013138     MSVCRT:MSVCR100.dll
 0002:00000140       __imp_mexErrMsgTxt         0000000180013140     libmex:libmex.dll
 0002:00000148       __imp_mexUnlock            0000000180013148     libmex:libmex.dll
 0002:00000150       __imp_mexIsLocked          0000000180013150     libmex:libmex.dll
 0002:00000158       __imp_mexLock              0000000180013158     libmex:libmex.dll
 0002:00000160       __imp_mexMakeArrayPersistent 0000000180013160     libmex:libmex.dll
 0002:00000168       __imp_mexCallMATLAB        0000000180013168     libmex:libmex.dll
 0002:00000170       __imp_mexWarnMsgTxt        0000000180013170     libmex:libmex.dll
 0002:00000178       \177libmex_NULL_THUNK_DATA 0000000180013178     libmex:libmex.dll
 0002:00000180       __imp_muDoubleScalarSin    0000000180013180     libmwmathutil:libmwmathutil.dll
 0002:00000188       __imp_muDoubleScalarCos    0000000180013188     libmwmathutil:libmwmathutil.dll
 0002:00000190       \177libmwmathutil_NULL_THUNK_DATA 0000000180013190     libmwmathutil:libmwmathutil.dll
 0002:00000198       __imp_mxCalloc             0000000180013198     libmx:libmx.dll
 0002:000001a0       __imp_mxGetM               00000001800131a0     libmx:libmx.dll
 0002:000001a8       __imp_mxGetN               00000001800131a8     libmx:libmx.dll
 0002:000001b0       __imp_mxIsComplex          00000001800131b0     libmx:libmx.dll
 0002:000001b8       __imp_mxIsNumeric          00000001800131b8     libmx:libmx.dll
 0002:000001c0       __imp_mxGetClassID         00000001800131c0     libmx:libmx.dll
 0002:000001c8       __imp_mxCreateCellMatrix_730 00000001800131c8     libmx:libmx.dll
 0002:000001d0       __imp_mxCreateStructMatrix_730 00000001800131d0     libmx:libmx.dll
 0002:000001d8       __imp_mxCreateString       00000001800131d8     libmx:libmx.dll
 0002:000001e0       __imp_mxSetField_730       00000001800131e0     libmx:libmx.dll
 0002:000001e8       __imp_mxGetScalar          00000001800131e8     libmx:libmx.dll
 0002:000001f0       __imp_mxGetPr              00000001800131f0     libmx:libmx.dll
 0002:000001f8       __imp_mxCreateDoubleMatrix_730 00000001800131f8     libmx:libmx.dll
 0002:00000200       __imp_mxGetString_730      0000000180013200     libmx:libmx.dll
 0002:00000208       __imp_mxIsChar             0000000180013208     libmx:libmx.dll
 0002:00000210       __imp_mxDestroyArray       0000000180013210     libmx:libmx.dll
 0002:00000218       __imp_mxDuplicateArray     0000000180013218     libmx:libmx.dll
 0002:00000220       __imp_mxCreateDoubleScalar 0000000180013220     libmx:libmx.dll
 0002:00000228       \177libmx_NULL_THUNK_DATA  0000000180013228     libmx:libmx.dll
 0002:00000230       __imp_utMalloc             0000000180013230     libut:libut.dll
 0002:00000238       __imp_utFree               0000000180013238     libut:libut.dll
 0002:00000240       \177libut_NULL_THUNK_DATA  0000000180013240     libut:libut.dll
 0002:00000248       __imp_call_sf_machine_global_method_dispatcher 0000000180013248     sf_runtime:sf_runtime.dll
 0002:00000250       __imp_callMdlMethodAndReportError 0000000180013250     sf_runtime:sf_runtime.dll
 0002:00000258       __imp_sf_debug_api         0000000180013258     sf_runtime:sf_runtime.dll
 0002:00000260       __imp_sf_debug_create_debug_instance_struct 0000000180013260     sf_runtime:sf_runtime.dll
 0002:00000268       __imp_sf_debug_terminate   0000000180013268     sf_runtime:sf_runtime.dll
 0002:00000270       __imp_sf_clear_rtw_identifier 0000000180013270     sf_runtime:sf_runtime.dll
 0002:00000278       __imp_sf_debug_symbol_scope_push_eml 0000000180013278     sf_runtime:sf_runtime.dll
 0002:00000280       __imp_sf_clear_error_manager_info 0000000180013280     sf_runtime:sf_runtime.dll
 0002:00000288       __imp_sf_debug_symbol_scope_add_eml 0000000180013288     sf_runtime:sf_runtime.dll
 0002:00000290       __imp_cv_eml_eval          0000000180013290     sf_runtime:sf_runtime.dll
 0002:00000298       __imp_eml_debug_line_call  0000000180013298     sf_runtime:sf_runtime.dll
 0002:000002a0       __imp_sf_debug_symbol_scope_push 00000001800132a0     sf_runtime:sf_runtime.dll
 0002:000002a8       __imp_sf_debug_call        00000001800132a8     sf_runtime:sf_runtime.dll
 0002:000002b0       __imp_sf_debug_data_range_wrapper 00000001800132b0     sf_runtime:sf_runtime.dll
 0002:000002b8       __imp_sf_debug_symbol_scope_pop 00000001800132b8     sf_runtime:sf_runtime.dll
 0002:000002c0       __imp_sf_debug_check_for_state_inconsistency 00000001800132c0     sf_runtime:sf_runtime.dll
 0002:000002c8       __imp_sf_mex_error_direct_call 00000001800132c8     sf_runtime:sf_runtime.dll
 0002:000002d0       __imp_sf_debug_symbol_scope_add_eml_importable 00000001800132d0     sf_runtime:sf_runtime.dll
 0002:000002d8       __imp_sf_get_time          00000001800132d8     sf_runtime:sf_runtime.dll
 0002:000002e0       __imp_sf_debug_initialize_chart 00000001800132e0     sf_runtime:sf_runtime.dll
 0002:000002e8       __imp_sf_debug_set_chart_disable_implicit_casting 00000001800132e8     sf_runtime:sf_runtime.dll
 0002:000002f0       __imp_sf_debug_set_chart_event_thresholds 00000001800132f0     sf_runtime:sf_runtime.dll
 0002:000002f8       __imp_sf_debug_set_chart_data_props 00000001800132f8     sf_runtime:sf_runtime.dll
 0002:00000300       __imp_sf_debug_set_chart_state_info 0000000180013300     sf_runtime:sf_runtime.dll
 0002:00000308       __imp_sf_debug_set_chart_substate_count 0000000180013308     sf_runtime:sf_runtime.dll
 0002:00000310       __imp_sf_debug_set_chart_decomposition 0000000180013310     sf_runtime:sf_runtime.dll
 0002:00000318       __imp_sf_debug_cv_init_chart 0000000180013318     sf_runtime:sf_runtime.dll
 0002:00000320       __imp_sf_debug_cv_init_state 0000000180013320     sf_runtime:sf_runtime.dll
 0002:00000328       __imp_sf_debug_cv_init_trans 0000000180013328     sf_runtime:sf_runtime.dll
 0002:00000330       __imp_cv_eml_init_script   0000000180013330     sf_runtime:sf_runtime.dll
 0002:00000338       __imp_cv_eml_init_fcn      0000000180013338     sf_runtime:sf_runtime.dll
 0002:00000340       __imp_sf_debug_set_chart_data_compiled_props 0000000180013340     sf_runtime:sf_runtime.dll
 0002:00000348       __imp_sf_debug_set_instance_data_value_ptr 0000000180013348     sf_runtime:sf_runtime.dll
 0002:00000350       __imp_sf_debug_reset_current_state_configuration 0000000180013350     sf_runtime:sf_runtime.dll
 0002:00000358       __imp_sim_mode_is_rtw_gen  0000000180013358     sf_runtime:sf_runtime.dll
 0002:00000360       __imp_sim_mode_is_external 0000000180013360     sf_runtime:sf_runtime.dll
 0002:00000368       __imp_sf_is_chart_inlinable 0000000180013368     sf_runtime:sf_runtime.dll
 0002:00000370       __imp_sf_rtw_info_uint_prop 0000000180013370     sf_runtime:sf_runtime.dll
 0002:00000378       __imp_sf_update_buildInfo  0000000180013378     sf_runtime:sf_runtime.dll
 0002:00000380       __imp_sf_mark_chart_expressionable_inputs 0000000180013380     sf_runtime:sf_runtime.dll
 0002:00000388       __imp_sf_mark_chart_reusable_outputs 0000000180013388     sf_runtime:sf_runtime.dll
 0002:00000390       __imp_sf_set_rtw_dwork_info 0000000180013390     sf_runtime:sf_runtime.dll
 0002:00000398       __imp_sf_mex_import        0000000180013398     sf_runtime:sf_runtime.dll
 0002:000003a0       __imp_sf_mex_dup           00000001800133a0     sf_runtime:sf_runtime.dll
 0002:000003a8       __imp_sf_mex_getcell       00000001800133a8     sf_runtime:sf_runtime.dll
 0002:000003b0       __imp_sf_mex_decode_encoded_mx_struct_array 00000001800133b0     sf_runtime:sf_runtime.dll
 0002:000003b8       __imp_sf_mex_setcell       00000001800133b8     sf_runtime:sf_runtime.dll
 0002:000003c0       __imp_sf_mex_call_matlab   00000001800133c0     sf_runtime:sf_runtime.dll
 0002:000003c8       __imp_sf_mex_error_message 00000001800133c8     sf_runtime:sf_runtime.dll
 0002:000003d0       __imp_sf_mex_create        00000001800133d0     sf_runtime:sf_runtime.dll
 0002:000003d8       __imp_sf_mex_addfield      00000001800133d8     sf_runtime:sf_runtime.dll
 0002:000003e0       __imp_sf_mex_createcellmatrix 00000001800133e0     sf_runtime:sf_runtime.dll
 0002:000003e8       __imp_sf_mex_duplicatearraysafe 00000001800133e8     sf_runtime:sf_runtime.dll
 0002:000003f0       __imp_sf_mex_destroy       00000001800133f0     sf_runtime:sf_runtime.dll
 0002:000003f8       __imp_sf_mex_createstruct  00000001800133f8     sf_runtime:sf_runtime.dll
 0002:00000400       __imp_sf_mex_assign        0000000180013400     sf_runtime:sf_runtime.dll
 0002:00000408       __imp_sf_mex_emlrtNameCapturePostProcessR2012a 0000000180013408     sf_runtime:sf_runtime.dll
 0002:00000410       __imp_sf_load_rtw_optimization_info 0000000180013410     sf_runtime:sf_runtime.dll
 0002:00000418       __imp_sf_debug_initialize_machine 0000000180013418     sf_runtime:sf_runtime.dll
 0002:00000420       __imp_sf_debug_set_machine_event_thresholds 0000000180013420     sf_runtime:sf_runtime.dll
 0002:00000428       __imp_sf_debug_set_machine_data_thresholds 0000000180013428     sf_runtime:sf_runtime.dll
 0002:00000430       \177sf_runtime_NULL_THUNK_DATA 0000000180013430     sf_runtime:sf_runtime.dll
 0002:00000438       __xc_a                     0000000180013438     MSVCRT:cinitexe.obj
 0002:00000440       __xc_z                     0000000180013440     MSVCRT:cinitexe.obj
 0002:00000448       __xi_a                     0000000180013448     MSVCRT:cinitexe.obj
 0002:00000458       __xi_z                     0000000180013458     MSVCRT:cinitexe.obj
 0002:00000460       __real@41da7cddd1400000    0000000180013460     sl_ctorqueTraj_sfun.obj
 0002:00000468       __real@41e10c877bc00000    0000000180013468     sl_ctorqueTraj_sfun.obj
 0002:00000470       __real@41d956d5cc400000    0000000180013470     sl_ctorqueTraj_sfun.obj
 0002:00000478       __real@41eb7ef217000000    0000000180013478     sl_ctorqueTraj_sfun.obj
 0002:00000480       __real@41c900e78a000000    0000000180013480     sl_ctorqueTraj_sfun.obj
 0002:00000488       __real@41eda5398c800000    0000000180013488     sl_ctorqueTraj_sfun.obj
 0002:00000490       __real@41edcf5b43c00000    0000000180013490     sl_ctorqueTraj_sfun.obj
 0002:00000498       __real@41e695dff8600000    0000000180013498     sl_ctorqueTraj_sfun.obj
 0002:000004a0       __real@41ea0c1f63c00000    00000001800134a0     sl_ctorqueTraj_sfun.obj
 0002:000004a8       __real@41dde1d770400000    00000001800134a8     sl_ctorqueTraj_sfun.obj
 0002:000004b0       __real@41d35564d6000000    00000001800134b0     sl_ctorqueTraj_sfun.obj
 0002:000004b8       __real@41e1dc4beb200000    00000001800134b8     sl_ctorqueTraj_sfun.obj
 0002:000004c0       __real@41ed32dd9cc00000    00000001800134c0     sl_ctorqueTraj_sfun.obj
 0002:000004c8       __real@41c098773c800000    00000001800134c8     sl_ctorqueTraj_sfun.obj
 0002:000004d0       __real@41e396d344c00000    00000001800134d0     sl_ctorqueTraj_sfun.obj
 0002:000004d8       __real@41c5668902800000    00000001800134d8     sl_ctorqueTraj_sfun.obj
 0002:000004e0       __real@41ddc029d7400000    00000001800134e0     c2_sl_ctorqueTraj.obj
 0002:000004e8       __real@41d62f2240c00000    00000001800134e8     c2_sl_ctorqueTraj.obj
 0002:000004f0       __real@41eddc2d1bc00000    00000001800134f0     c2_sl_ctorqueTraj.obj
 0002:000004f8       __real@41d361dd95000000    00000001800134f8     c2_sl_ctorqueTraj.obj
 0002:00000500       __real@4018000000000000    0000000180013500     c2_sl_ctorqueTraj.obj
 0002:00000508       __real@4010000000000000    0000000180013508     c2_sl_ctorqueTraj.obj
 0002:00000510       __real@4024000000000000    0000000180013510     c2_sl_ctorqueTraj.obj
 0002:00000518       __real@3ff0000000000000    0000000180013518     c2_sl_ctorqueTraj.obj
 0002:00000520       __real@bfff952e0f96d630    0000000180013520     c2_sl_ctorqueTraj.obj
 0002:00000528       __real@bfd41b2f769cf0e0    0000000180013528     c2_sl_ctorqueTraj.obj
 0002:00000530       __real@3fd41b2f769cf0e0    0000000180013530     c2_sl_ctorqueTraj.obj
 0002:00000538       __real@3fe0000000000000    0000000180013538     c2_sl_ctorqueTraj.obj
 0002:00000540       __real@401921fb54442d18    0000000180013540     c2_sl_ctorqueTraj.obj
 0002:00000548       __real@3fa999999999999a    0000000180013548     c2_sl_ctorqueTraj.obj
 0002:00000550       __real@4008000000000000    0000000180013550     c2_sl_ctorqueTraj.obj
 0002:00000560       DYNAMIC_DIMENSION_DEF      0000000180013560     sl_ctorqueTraj_sfun_registry.obj
 0002:00000580       _ssBadLevel2InputAccessMsg 0000000180013580     sl_ctorqueTraj_sfun_registry.obj
 0002:00000710       _ssBadLevel2DirectFeedMsg  0000000180013710     sl_ctorqueTraj_sfun_registry.obj
 0002:00000850       _ssBadLevel2DirectFeedSolutionMsg 0000000180013850     sl_ctorqueTraj_sfun_registry.obj
 0002:000008c0       _ssBadLevel2ZeroDirectFeedMsg 00000001800138c0     sl_ctorqueTraj_sfun_registry.obj
 0002:00000a00       _ssBadLevel2ZeroDirectFeedMsg2 0000000180013a00     sl_ctorqueTraj_sfun_registry.obj
 0002:00000ae8       __real@0000000000000000    0000000180013ae8     sl_ctorqueTraj_sfun_registry.obj
 0002:00000af0       __real@bff0000000000000    0000000180013af0     sl_ctorqueTraj_sfun_registry.obj
 0002:00000af8       __real@41602cbca0000000    0000000180013af8     sl_ctorqueTraj_sfun_registry.obj
 0002:00000b00       _pDefaultRawDllMain        0000000180013b00     MSVCRT:crtdll.obj
 0002:00000b00       _pRawDllMain               0000000180013b00     MSVCRT:crtdll.obj
 0002:00000b18       ?ProcessDetach@NativeDll@<CrtImplementationDetails>@@0IB 0000000180013b18     MSVCRT:tncleanup.obj
 0002:00000b1c       ?ProcessAttach@NativeDll@<CrtImplementationDetails>@@0IB 0000000180013b1c     MSVCRT:tncleanup.obj
 0002:00000b20       ?ThreadAttach@NativeDll@<CrtImplementationDetails>@@0IB 0000000180013b20     MSVCRT:tncleanup.obj
 0002:00000b24       ?ThreadDetach@NativeDll@<CrtImplementationDetails>@@0IB 0000000180013b24     MSVCRT:tncleanup.obj
 0002:00000b28       ?ProcessVerifier@NativeDll@<CrtImplementationDetails>@@0IB 0000000180013b28     MSVCRT:tncleanup.obj
 0002:00000b30       __rtc_iaa                  0000000180013b30     MSVCRT:_initsect_.obj
 0002:00000b38       __rtc_izz                  0000000180013b38     MSVCRT:_initsect_.obj
 0002:00000b40       __rtc_taa                  0000000180013b40     MSVCRT:_initsect_.obj
 0002:00000b48       __rtc_tzz                  0000000180013b48     MSVCRT:_initsect_.obj
 0002:00001228       __IMPORT_DESCRIPTOR_sf_runtime 0000000180014228     sf_runtime:sf_runtime.dll
 0002:0000123c       __IMPORT_DESCRIPTOR_libmx  000000018001423c     libmx:libmx.dll
 0002:00001250       __IMPORT_DESCRIPTOR_libmex 0000000180014250     libmex:libmex.dll
 0002:00001264       __IMPORT_DESCRIPTOR_libut  0000000180014264     libut:libut.dll
 0002:00001278       __IMPORT_DESCRIPTOR_libmwmathutil 0000000180014278     libmwmathutil:libmwmathutil.dll
 0002:0000128c       __IMPORT_DESCRIPTOR_MSVCR100 000000018001428c     MSVCRT:MSVCR100.dll
 0002:000012a0       __IMPORT_DESCRIPTOR_KERNEL32 00000001800142a0     kernel32:KERNEL32.dll
 0002:000012b4       __NULL_IMPORT_DESCRIPTOR   00000001800142b4     sf_runtime:sf_runtime.dll
 0003:00003620       DYNAMIC_DIMENSION          0000000180019620     sl_ctorqueTraj_sfun_registry.obj
 0003:00004228       __security_cookie          000000018001a228     MSVCRT:gs_cookie.obj
 0003:00004230       __security_cookie_complement 000000018001a230     MSVCRT:gs_cookie.obj
 0003:00004238       _fltused                   000000018001a238     MSVCRT:dllsupp.obj
 0003:00004240       __native_dllmain_reason    000000018001a240     MSVCRT:natstart.obj
 0003:00004244       __native_vcclrit_reason    000000018001a244     MSVCRT:natstart.obj
 0003:00004338       sfGlobalDebugInstanceStruct 000000018001a338     sl_ctorqueTraj_sfun_registry.obj
 0003:000048c0       ?__type_info_root_node@@3U__type_info_node@@A 000000018001a8c0     MSVCRT:tncleanup.obj
 0003:000048d0       _sl_ctorqueTrajMachineNumber_ 000000018001a8d0     <common>
 0003:000048d4       __native_startup_state     000000018001a8d4     <common>
 0003:000048d8       __native_startup_lock      000000018001a8d8     <common>
 0003:000048e0       __onexitend                000000018001a8e0     <common>
 0003:000048e8       __onexitbegin              000000018001a8e8     <common>
 0003:000048f0       __dyn_tls_init_callback    000000018001a8f0     <common>

 entry point at        0001:000113d0

 Static symbols

 0001:00000b40       c2_info_helper             0000000180001b40 f   c2_sl_ctorqueTraj.obj
 0001:000051f0       c2_emlrt_marshallOut       00000001800061f0 f   c2_sl_ctorqueTraj.obj
 0001:00005280       c2_b_emlrt_marshallOut     0000000180006280 f   c2_sl_ctorqueTraj.obj
 0001:00005b90       get_sim_state_c2_sl_ctorqueTraj 0000000180006b90 f   c2_sl_ctorqueTraj.obj
 0001:00005f80       sf_get_sim_state_info_c2_sl_ctorqueTraj 0000000180006f80 f   c2_sl_ctorqueTraj.obj
 0001:00006150       set_sim_state_c2_sl_ctorqueTraj 0000000180007150 f   c2_sl_ctorqueTraj.obj
 0001:000063c0       c2_update_debugger_state_c2_sl_ctorqueTraj 00000001800073c0 f   c2_sl_ctorqueTraj.obj
 0001:000063d0       c2_emlrt_marshallIn        00000001800073d0 f   c2_sl_ctorqueTraj.obj
 0001:00006440       c2_b_emlrt_marshallIn      0000000180007440 f   c2_sl_ctorqueTraj.obj
 0001:00006530       c2_c_emlrt_marshallIn      0000000180007530 f   c2_sl_ctorqueTraj.obj
 0001:000065a0       c2_d_emlrt_marshallIn      00000001800075a0 f   c2_sl_ctorqueTraj.obj
 0001:000066a0       c2_h_emlrt_marshallIn      00000001800076a0 f   c2_sl_ctorqueTraj.obj
 0001:00006700       c2_i_emlrt_marshallIn      0000000180007700 f   c2_sl_ctorqueTraj.obj
 0001:00006800       mdlProcessParameters_c2_sl_ctorqueTraj 0000000180007800 f   c2_sl_ctorqueTraj.obj
 0001:000068e0       initialize_params_c2_sl_ctorqueTraj 00000001800078e0 f   c2_sl_ctorqueTraj.obj
 0001:000068f0       mdlSetWorkWidths_c2_sl_ctorqueTraj 00000001800078f0 f   c2_sl_ctorqueTraj.obj
 0001:00006dc0       sf_get_instance_specialization 0000000180007dc0 f   c2_sl_ctorqueTraj.obj
 0001:00006dd0       mdlStart_c2_sl_ctorqueTraj 0000000180007dd0 f   c2_sl_ctorqueTraj.obj
 0001:00007000       init_dsm_address_info      0000000180008000 f   c2_sl_ctorqueTraj.obj
 0001:00007010       chart_debug_initialization 0000000180008010 f   c2_sl_ctorqueTraj.obj
 0001:00007a50       init_script_number_translation 0000000180008a50 f   c2_sl_ctorqueTraj.obj
 0001:00007a70       c2_sf_marshallOut          0000000180008a70 f   c2_sl_ctorqueTraj.obj
 0001:00007bf0       c2_sf_marshallIn           0000000180008bf0 f   c2_sl_ctorqueTraj.obj
 0001:00007d00       c2_b_sf_marshallOut        0000000180008d00 f   c2_sl_ctorqueTraj.obj
 0001:00007f40       c2_b_sf_marshallIn         0000000180008f40 f   c2_sl_ctorqueTraj.obj
 0001:000080a0       c2_c_sf_marshallOut        00000001800090a0 f   c2_sl_ctorqueTraj.obj
 0001:00008150       sf_opaque_initialize_c2_sl_ctorqueTraj 0000000180009150 f   c2_sl_ctorqueTraj.obj
 0001:00008190       initialize_c2_sl_ctorqueTraj 0000000180009190 f   c2_sl_ctorqueTraj.obj
 0001:000081e0       sf_opaque_enable_c2_sl_ctorqueTraj 00000001800091e0 f   c2_sl_ctorqueTraj.obj
 0001:00008200       enable_c2_sl_ctorqueTraj   0000000180009200 f   c2_sl_ctorqueTraj.obj
 0001:00008230       sf_opaque_disable_c2_sl_ctorqueTraj 0000000180009230 f   c2_sl_ctorqueTraj.obj
 0001:00008250       disable_c2_sl_ctorqueTraj  0000000180009250 f   c2_sl_ctorqueTraj.obj
 0001:00008280       sf_opaque_gateway_c2_sl_ctorqueTraj 0000000180009280 f   c2_sl_ctorqueTraj.obj
 0001:000082a0       sf_gateway_c2_sl_ctorqueTraj 00000001800092a0 f   c2_sl_ctorqueTraj.obj
 0001:000085f0       c2_chartstep_c2_sl_ctorqueTraj 00000001800095f0 f   c2_sl_ctorqueTraj.obj
 0001:0000a1c0       c2_c_sf_marshallIn         000000018000b1c0 f   c2_sl_ctorqueTraj.obj
 0001:0000a260       c2_e_emlrt_marshallIn      000000018000b260 f   c2_sl_ctorqueTraj.obj
 0001:0000a2f0       c2_d_sf_marshallOut        000000018000b2f0 f   c2_sl_ctorqueTraj.obj
 0001:0000a450       c2_d_sf_marshallIn         000000018000b450 f   c2_sl_ctorqueTraj.obj
 0001:0000a550       c2_f_emlrt_marshallIn      000000018000b550 f   c2_sl_ctorqueTraj.obj
 0001:0000a640       c2_eml_scalar_eg           000000018000b640 f   c2_sl_ctorqueTraj.obj
 0001:0000a650       c2_threshold               000000018000b650 f   c2_sl_ctorqueTraj.obj
 0001:0000a660       c2_b_eml_scalar_eg         000000018000b660 f   c2_sl_ctorqueTraj.obj
 0001:0000a670       sf_opaque_get_sim_state_c2_sl_ctorqueTraj 000000018000b670 f   c2_sl_ctorqueTraj.obj
 0001:0000a690       sf_opaque_set_sim_state_c2_sl_ctorqueTraj 000000018000b690 f   c2_sl_ctorqueTraj.obj
 0001:0000a6c0       sf_opaque_terminate_c2_sl_ctorqueTraj 000000018000b6c0 f   c2_sl_ctorqueTraj.obj
 0001:0000a760       finalize_c2_sl_ctorqueTraj 000000018000b760 f   c2_sl_ctorqueTraj.obj
 0001:0000a770       sf_opaque_init_subchart_simstructs 000000018000b770 f   c2_sl_ctorqueTraj.obj
 0001:0000a790       initSimStructsc2_sl_ctorqueTraj 000000018000b790 f   c2_sl_ctorqueTraj.obj
 0001:0000a7a0       mdlRTW_c2_sl_ctorqueTraj   000000018000b7a0 f   c2_sl_ctorqueTraj.obj
 0001:0000b110       getChartInfoFromSimStruct  000000018000c110 f   sl_ctorqueTraj_sfun_registry.obj
 0001:0000c7b0       _ssFatalError              000000018000d7b0 f   sl_ctorqueTraj_sfun_registry.obj
 0001:0000f860       ProcessMexSfunctionCmdLineCall 0000000180010860 f   sl_ctorqueTraj_sfun_registry.obj
 0001:0000f990       sf_debug_api_wrapper       0000000180010990 f   sl_ctorqueTraj_sfun_registry.obj
 0001:0000f9e0       mdlStart                   00000001800109e0 f   sl_ctorqueTraj_sfun_registry.obj
 0001:0000fa10       mdl_start_processing       0000000180010a10 f   sl_ctorqueTraj_sfun_registry.obj
 0001:0000faa0       mdlTerminate               0000000180010aa0 f   sl_ctorqueTraj_sfun_registry.obj
 0001:0000fad0       mdl_terminate_processing   0000000180010ad0 f   sl_ctorqueTraj_sfun_registry.obj
 0001:0000fb50       mdlInitializeSampleTimes   0000000180010b50 f   sl_ctorqueTraj_sfun_registry.obj
 0001:0000fb80       mdlZeroCrossings           0000000180010b80 f   sl_ctorqueTraj_sfun_registry.obj
 0001:0000fbb0       mdl_zeroCrossings_processing 0000000180010bb0 f   sl_ctorqueTraj_sfun_registry.obj
 0001:0000fbf0       mdlDerivatives             0000000180010bf0 f   sl_ctorqueTraj_sfun_registry.obj
 0001:0000fc20       mdl_derivatives_processing 0000000180010c20 f   sl_ctorqueTraj_sfun_registry.obj
 0001:0000fc70       mdlInitializeConditions    0000000180010c70 f   sl_ctorqueTraj_sfun_registry.obj
 0001:0000fca0       mdl_initialize_conditions_processing 0000000180010ca0 f   sl_ctorqueTraj_sfun_registry.obj
 0001:0000fcf0       mdlEnable                  0000000180010cf0 f   sl_ctorqueTraj_sfun_registry.obj
 0001:0000fd20       mdl_enable_processing      0000000180010d20 f   sl_ctorqueTraj_sfun_registry.obj
 0001:0000fd60       mdlDisable                 0000000180010d60 f   sl_ctorqueTraj_sfun_registry.obj
 0001:0000fd90       mdl_disable_processing     0000000180010d90 f   sl_ctorqueTraj_sfun_registry.obj
 0001:0000fdd0       mdlOutputs                 0000000180010dd0 f   sl_ctorqueTraj_sfun_registry.obj
 0001:0000fe00       mdl_outputs_processing     0000000180010e00 f   sl_ctorqueTraj_sfun_registry.obj
 0001:0000fee0       mdl_outputs_continuous_legacy 0000000180010ee0 f   sl_ctorqueTraj_sfun_registry.obj
 0001:0000ffd0       mdlGetTimeOfNextVarHit     0000000180010fd0 f   sl_ctorqueTraj_sfun_registry.obj
 0001:00010020       _ProcessMexSfunctionCmdLineCall 0000000180011020 f   sl_ctorqueTraj_sfun_registry.obj
 0001:00010770       mdlSetWorkWidths           0000000180011770 f   sl_ctorqueTraj_sfun_registry.obj
 0001:000107a0       mdlProcessParameters       00000001800117a0 f   sl_ctorqueTraj_sfun_registry.obj
 0001:000107d0       mdlInitializeSizes         00000001800117d0 f   sl_ctorqueTraj_sfun_registry.obj
 0001:00010800       mdlExtModeExec             0000000180011800 f   sl_ctorqueTraj_sfun_registry.obj
 0001:00010830       mdl_ext_mode_exec_processing 0000000180011830 f   sl_ctorqueTraj_sfun_registry.obj
 0001:00010870       mdlRTW                     0000000180011870 f   sl_ctorqueTraj_sfun_registry.obj
 0001:000108b0       _CreateSimStruct           00000001800118b0 f   sl_ctorqueTraj_sfun_registry.obj
 0001:00010a40       _RegNumInputPortsCB        0000000180011a40 f   sl_ctorqueTraj_sfun_registry.obj
 0001:00010ac0       _RegNumOutputPortsCB       0000000180011ac0 f   sl_ctorqueTraj_sfun_registry.obj
 0001:00010fd8       pre_c_init                 0000000180011fd8 f   MSVCRT:crtdll.obj
 0001:00011294       __DllMainCRTStartup        0000000180012294 f   MSVCRT:crtdll.obj
 0001:00011900       __DllMainCRTStartup$filt$0 0000000180012900 f   MSVCRT:crtdll.obj
 0001:00011930       __DllMainCRTStartup$fin$1  0000000180012930 f   MSVCRT:crtdll.obj
 0001:0001194a       _onexit$fin$0              000000018001294a f   MSVCRT:atonexit.obj
 0001:00011970       _IsNonwritableInCurrentImage$filt$0 0000000180012970 f   MSVCRT:pesect.obj
